Archive member included to satisfy reference by file (symbol)

C:/ST/STM32CubeCLT_1.17.0/GNU-tools-for-STM32/bin/../lib/gcc/arm-none-eabi/12.3.1/../../../../arm-none-eabi/lib/thumb/v8-m.main+fp/hard\libc_nano.a(libc_a-exit.o)
                              C:/ST/STM32CubeCLT_1.17.0/GNU-tools-for-STM32/bin/../lib/gcc/arm-none-eabi/12.3.1/../../../../arm-none-eabi/lib/thumb/v8-m.main+fp/hard/crt0.o (exit)
C:/ST/STM32CubeCLT_1.17.0/GNU-tools-for-STM32/bin/../lib/gcc/arm-none-eabi/12.3.1/../../../../arm-none-eabi/lib/thumb/v8-m.main+fp/hard\libc_nano.a(libc_a-findfp.o)
                              C:/ST/STM32CubeCLT_1.17.0/GNU-tools-for-STM32/bin/../lib/gcc/arm-none-eabi/12.3.1/../../../../arm-none-eabi/lib/thumb/v8-m.main+fp/hard\libc_nano.a(libc_a-exit.o) (__stdio_exit_handler)
C:/ST/STM32CubeCLT_1.17.0/GNU-tools-for-STM32/bin/../lib/gcc/arm-none-eabi/12.3.1/../../../../arm-none-eabi/lib/thumb/v8-m.main+fp/hard\libc_nano.a(libc_a-fwalk.o)
                              C:/ST/STM32CubeCLT_1.17.0/GNU-tools-for-STM32/bin/../lib/gcc/arm-none-eabi/12.3.1/../../../../arm-none-eabi/lib/thumb/v8-m.main+fp/hard\libc_nano.a(libc_a-findfp.o) (_fwalk_sglue)
C:/ST/STM32CubeCLT_1.17.0/GNU-tools-for-STM32/bin/../lib/gcc/arm-none-eabi/12.3.1/../../../../arm-none-eabi/lib/thumb/v8-m.main+fp/hard\libc_nano.a(libc_a-stdio.o)
                              C:/ST/STM32CubeCLT_1.17.0/GNU-tools-for-STM32/bin/../lib/gcc/arm-none-eabi/12.3.1/../../../../arm-none-eabi/lib/thumb/v8-m.main+fp/hard\libc_nano.a(libc_a-findfp.o) (__sread)
C:/ST/STM32CubeCLT_1.17.0/GNU-tools-for-STM32/bin/../lib/gcc/arm-none-eabi/12.3.1/../../../../arm-none-eabi/lib/thumb/v8-m.main+fp/hard\libc_nano.a(libc_a-memset.o)
                              C:/ST/STM32CubeCLT_1.17.0/GNU-tools-for-STM32/bin/../lib/gcc/arm-none-eabi/12.3.1/../../../../arm-none-eabi/lib/thumb/v8-m.main+fp/hard/crt0.o (memset)
C:/ST/STM32CubeCLT_1.17.0/GNU-tools-for-STM32/bin/../lib/gcc/arm-none-eabi/12.3.1/../../../../arm-none-eabi/lib/thumb/v8-m.main+fp/hard\libc_nano.a(libc_a-closer.o)
                              C:/ST/STM32CubeCLT_1.17.0/GNU-tools-for-STM32/bin/../lib/gcc/arm-none-eabi/12.3.1/../../../../arm-none-eabi/lib/thumb/v8-m.main+fp/hard\libc_nano.a(libc_a-stdio.o) (_close_r)
C:/ST/STM32CubeCLT_1.17.0/GNU-tools-for-STM32/bin/../lib/gcc/arm-none-eabi/12.3.1/../../../../arm-none-eabi/lib/thumb/v8-m.main+fp/hard\libc_nano.a(libc_a-reent.o)
                              C:/ST/STM32CubeCLT_1.17.0/GNU-tools-for-STM32/bin/../lib/gcc/arm-none-eabi/12.3.1/../../../../arm-none-eabi/lib/thumb/v8-m.main+fp/hard\libc_nano.a(libc_a-closer.o) (errno)
C:/ST/STM32CubeCLT_1.17.0/GNU-tools-for-STM32/bin/../lib/gcc/arm-none-eabi/12.3.1/../../../../arm-none-eabi/lib/thumb/v8-m.main+fp/hard\libc_nano.a(libc_a-impure.o)
                              C:/ST/STM32CubeCLT_1.17.0/GNU-tools-for-STM32/bin/../lib/gcc/arm-none-eabi/12.3.1/../../../../arm-none-eabi/lib/thumb/v8-m.main+fp/hard\libc_nano.a(libc_a-reent.o) (_impure_ptr)
C:/ST/STM32CubeCLT_1.17.0/GNU-tools-for-STM32/bin/../lib/gcc/arm-none-eabi/12.3.1/../../../../arm-none-eabi/lib/thumb/v8-m.main+fp/hard\libc_nano.a(libc_a-lseekr.o)
                              C:/ST/STM32CubeCLT_1.17.0/GNU-tools-for-STM32/bin/../lib/gcc/arm-none-eabi/12.3.1/../../../../arm-none-eabi/lib/thumb/v8-m.main+fp/hard\libc_nano.a(libc_a-stdio.o) (_lseek_r)
C:/ST/STM32CubeCLT_1.17.0/GNU-tools-for-STM32/bin/../lib/gcc/arm-none-eabi/12.3.1/../../../../arm-none-eabi/lib/thumb/v8-m.main+fp/hard\libc_nano.a(libc_a-readr.o)
                              C:/ST/STM32CubeCLT_1.17.0/GNU-tools-for-STM32/bin/../lib/gcc/arm-none-eabi/12.3.1/../../../../arm-none-eabi/lib/thumb/v8-m.main+fp/hard\libc_nano.a(libc_a-stdio.o) (_read_r)
C:/ST/STM32CubeCLT_1.17.0/GNU-tools-for-STM32/bin/../lib/gcc/arm-none-eabi/12.3.1/../../../../arm-none-eabi/lib/thumb/v8-m.main+fp/hard\libc_nano.a(libc_a-writer.o)
                              C:/ST/STM32CubeCLT_1.17.0/GNU-tools-for-STM32/bin/../lib/gcc/arm-none-eabi/12.3.1/../../../../arm-none-eabi/lib/thumb/v8-m.main+fp/hard\libc_nano.a(libc_a-stdio.o) (_write_r)
C:/ST/STM32CubeCLT_1.17.0/GNU-tools-for-STM32/bin/../lib/gcc/arm-none-eabi/12.3.1/../../../../arm-none-eabi/lib/thumb/v8-m.main+fp/hard\libc_nano.a(libc_a-init.o)
                              C:/ST/STM32CubeCLT_1.17.0/GNU-tools-for-STM32/bin/../lib/gcc/arm-none-eabi/12.3.1/../../../../arm-none-eabi/lib/thumb/v8-m.main+fp/hard/crt0.o (__libc_init_array)
C:/ST/STM32CubeCLT_1.17.0/GNU-tools-for-STM32/bin/../lib/gcc/arm-none-eabi/12.3.1/../../../../arm-none-eabi/lib/thumb/v8-m.main+fp/hard\libc_nano.a(libc_a-lock.o)
                              C:/ST/STM32CubeCLT_1.17.0/GNU-tools-for-STM32/bin/../lib/gcc/arm-none-eabi/12.3.1/../../../../arm-none-eabi/lib/thumb/v8-m.main+fp/hard\libc_nano.a(libc_a-findfp.o) (__retarget_lock_init_recursive)
[...]
Memory Configuration

Name             Origin             Length             Attributes
RAM              0x20000000         0x000a0000         xrw
FLASH            0x08000000         0x00200000         xr
*default*        0x00000000         0xffffffff

Linker script and memory map

LOAD C:/ST/STM32CubeCLT_1.17.0/GNU-tools-for-STM32/bin/../lib/gcc/arm-none-eabi/12.3.1/thumb/v8-m.main+fp/hard/crti.o
LOAD C:/ST/STM32CubeCLT_1.17.0/GNU-tools-for-STM32/bin/../lib/gcc/arm-none-eabi/12.3.1/thumb/v8-m.main+fp/hard/crtbegin.o
LOAD C:/ST/STM32CubeCLT_1.17.0/GNU-tools-for-STM32/bin/../lib/gcc/arm-none-eabi/12.3.1/../../../../arm-none-eabi/lib/thumb/v8-m.main+fp/hard/crt0.o
START GROUP
LOAD C:/ST/STM32CubeCLT_1.17.0/GNU-tools-for-STM32/bin/../lib/gcc/arm-none-eabi/12.3.1/../../../../arm-none-eabi/lib/thumb/v8-m.main+fp/hard\libc_nano.a
LOAD C:/ST/STM32CubeCLT_1.17.0/GNU-tools-for-STM32/bin/../lib/gcc/arm-none-eabi/12.3.1/../../../../arm-none-eabi/lib/thumb/v8-m.main+fp/hard\libm.a
END GROUP
LOAD CMakeFiles/STM32_Test.dir/Core/Src/main.c.obj
LOAD CMakeFiles/STM32_Test.dir/Core/Src/stm32h5xx_it.c.obj
LOAD CMakeFiles/STM32_Test.dir/Core/Src/stm32h5xx_hal_msp.c.obj
LOAD CMakeFiles/STM32_Test.dir/Drivers/BSP/STM32H5xx_Nucleo/stm32h5xx_nucleo.c.obj
LOAD CMakeFiles/STM32_Test.dir/Drivers/STM32H5xx_HAL_Driver/Src/stm32h5xx_hal_cortex.c.obj
LOAD CMakeFiles/STM32_Test.dir/Drivers/STM32H5xx_HAL_Driver/Src/stm32h5xx_hal_rcc.c.obj
LOAD CMakeFiles/STM32_Test.dir/Drivers/STM32H5xx_HAL_Driver/Src/stm32h5xx_hal_rcc_ex.c.obj
LOAD CMakeFiles/STM32_Test.dir/Drivers/STM32H5xx_HAL_Driver/Src/stm32h5xx_hal_flash.c.obj
LOAD CMakeFiles/STM32_Test.dir/Drivers/STM32H5xx_HAL_Driver/Src/stm32h5xx_hal_flash_ex.c.obj
LOAD CMakeFiles/STM32_Test.dir/Drivers/STM32H5xx_HAL_Driver/Src/stm32h5xx_hal_gpio.c.obj
LOAD CMakeFiles/STM32_Test.dir/Drivers/STM32H5xx_HAL_Driver/Src/stm32h5xx_hal_dma.c.obj
LOAD CMakeFiles/STM32_Test.dir/Drivers/STM32H5xx_HAL_Driver/Src/stm32h5xx_hal_dma_ex.c.obj
LOAD CMakeFiles/STM32_Test.dir/Drivers/STM32H5xx_HAL_Driver/Src/stm32h5xx_hal_pwr.c.obj
LOAD CMakeFiles/STM32_Test.dir/Drivers/STM32H5xx_HAL_Driver/Src/stm32h5xx_hal_pwr_ex.c.obj
LOAD CMakeFiles/STM32_Test.dir/Drivers/STM32H5xx_HAL_Driver/Src/stm32h5xx_hal.c.obj
LOAD CMakeFiles/STM32_Test.dir/Drivers/STM32H5xx_HAL_Driver/Src/stm32h5xx_hal_exti.c.obj
LOAD CMakeFiles/STM32_Test.dir/Drivers/STM32H5xx_HAL_Driver/Src/stm32h5xx_hal_usart.c.obj
LOAD CMakeFiles/STM32_Test.dir/Drivers/STM32H5xx_HAL_Driver/Src/stm32h5xx_hal_usart_ex.c.obj
LOAD CMakeFiles/STM32_Test.dir/Drivers/STM32H5xx_HAL_Driver/Src/stm32h5xx_hal_uart_ex.c.obj
LOAD CMakeFiles/STM32_Test.dir/Drivers/STM32H5xx_HAL_Driver/Src/stm32h5xx_hal_uart.c.obj
LOAD CMakeFiles/STM32_Test.dir/Core/Src/system_stm32h5xx.c.obj
LOAD CMakeFiles/STM32_Test.dir/Core/Src/sysmem.c.obj
LOAD CMakeFiles/STM32_Test.dir/Core/Src/syscalls.c.obj
LOAD CMakeFiles/STM32_Test.dir/startup_stm32h563xx.s.obj
START GROUP
LOAD C:/ST/STM32CubeCLT_1.17.0/GNU-tools-for-STM32/bin/../lib/gcc/arm-none-eabi/12.3.1/thumb/v8-m.main+fp/hard\libgcc.a
LOAD C:/ST/STM32CubeCLT_1.17.0/GNU-tools-for-STM32/bin/../lib/gcc/arm-none-eabi/12.3.1/../../../../arm-none-eabi/lib/thumb/v8-m.main+fp/hard\libg_nano.a
LOAD C:/ST/STM32CubeCLT_1.17.0/GNU-tools-for-STM32/bin/../lib/gcc/arm-none-eabi/12.3.1/../../../../arm-none-eabi/lib/thumb/v8-m.main+fp/hard\libc_nano.a
END GROUP
START GROUP
LOAD C:/ST/STM32CubeCLT_1.17.0/GNU-tools-for-STM32/bin/../lib/gcc/arm-none-eabi/12.3.1/thumb/v8-m.main+fp/hard\libgcc.a
LOAD C:/ST/STM32CubeCLT_1.17.0/GNU-tools-for-STM32/bin/../lib/gcc/arm-none-eabi/12.3.1/../../../../arm-none-eabi/lib/thumb/v8-m.main+fp/hard\libc_nano.a
END GROUP
LOAD C:/ST/STM32CubeCLT_1.17.0/GNU-tools-for-STM32/bin/../lib/gcc/arm-none-eabi/12.3.1/thumb/v8-m.main+fp/hard/crtend.o
LOAD C:/ST/STM32CubeCLT_1.17.0/GNU-tools-for-STM32/bin/../lib/gcc/arm-none-eabi/12.3.1/thumb/v8-m.main+fp/hard/crtn.o
                0x200a0000                        _estack = (ORIGIN (RAM) + LENGTH (RAM))
                0x00000200                        _Min_Heap_Size = 0x200
                0x00000400                        _Min_Stack_Size = 0x400

.isr_vector     0x08000000      0x24c
                0x08000000                        . = ALIGN (0x4)
 *(.isr_vector)
 .isr_vector    0x08000000      0x24c CMakeFiles/STM32_Test.dir/startup_stm32h563xx.s.obj
                0x08000000                g_pfnVectors
                0x0800024c                        . = ALIGN (0x4)

.text           0x0800024c     0x5c94
                0x0800024c                        . = ALIGN (0x4)
 *(.text)
 .text          0x0800024c       0x40 C:/ST/STM32CubeCLT_1.17.0/GNU-tools-for-STM32/bin/../lib/gcc/arm-none-eabi/12.3.1/thumb/v8-m.main+fp/hard/crtbegin.o
 .text          0x0800028c       0x30 C:/ST/STM32CubeCLT_1.17.0/GNU-tools-for-STM32/bin/../lib/gcc/arm-none-eabi/12.3.1/thumb/v8-m.main+fp/hard\libgcc.a(_aeabi_uldivmod.o)
                0x0800028c                __aeabi_uldivmod
 .text          0x080002bc      0x2e4 C:/ST/STM32CubeCLT_1.17.0/GNU-tools-for-STM32/bin/../lib/gcc/arm-none-eabi/12.3.1/thumb/v8-m.main+fp/hard\libgcc.a(_udivmoddi4.o)
                0x080002bc                __udivmoddi4
 .text          0x080005a0        0x4 C:/ST/STM32CubeCLT_1.17.0/GNU-tools-for-STM32/bin/../lib/gcc/arm-none-eabi/12.3.1/thumb/v8-m.main+fp/hard\libgcc.a(_dvmd_tls.o)
                0x080005a0                __aeabi_idiv0
                0x080005a0                __aeabi_ldiv0
 *(.text*)
 .text.memset   0x080005a4       0x10 C:/ST/STM32CubeCLT_1.17.0/GNU-tools-for-STM32/bin/../lib/gcc/arm-none-eabi/12.3.1/../../../../arm-none-eabi/lib/thumb/v8-m.main+fp/hard\libc_nano.a(libc_a-memset.o)
                0x080005a4                memset
 .text.__libc_init_array
                0x080005b4       0x48 C:/ST/STM32CubeCLT_1.17.0/GNU-tools-for-STM32/bin/../lib/gcc/arm-none-eabi/12.3.1/../../../../arm-none-eabi/lib/thumb/v8-m.main+fp/hard\libc_nano.a(libc_a-init.o)
                0x080005b4                __libc_init_array
 .text.main     0x080005fc       0x78 CMakeFiles/STM32_Test.dir/Core/Src/main.c.obj
                0x080005fc                main
 .text.SystemClock_Config
                0x08000674       0xe0 CMakeFiles/STM32_Test.dir/Core/Src/main.c.obj
                0x08000674                SystemClock_Config
 .text.MX_GPIO_Init
                0x08000754      0x1fc CMakeFiles/STM32_Test.dir/Core/Src/main.c.obj
 .text.Error_Handler
                0x08000950        0xc CMakeFiles/STM32_Test.dir/Core/Src/main.c.obj
                0x08000950                Error_Handler
 .text.NMI_Handler
                0x0800095c        0x8 CMakeFiles/STM32_Test.dir/Core/Src/stm32h5xx_it.c.obj
                0x0800095c                NMI_Handler
 .text.HardFault_Handler
                0x08000964        0x8 CMakeFiles/STM32_Test.dir/Core/Src/stm32h5xx_it.c.obj
                0x08000964                HardFault_Handler
 .text.MemManage_Handler
                0x0800096c        0x8 CMakeFiles/STM32_Test.dir/Core/Src/stm32h5xx_it.c.obj
                0x0800096c                MemManage_Handler
 .text.BusFault_Handler
                0x08000974        0x8 CMakeFiles/STM32_Test.dir/Core/Src/stm32h5xx_it.c.obj
                0x08000974                BusFault_Handler
 .text.UsageFault_Handler
                0x0800097c        0x8 CMakeFiles/STM32_Test.dir/Core/Src/stm32h5xx_it.c.obj
                0x0800097c                UsageFault_Handler
 .text.SVC_Handler
                0x08000984        0xe CMakeFiles/STM32_Test.dir/Core/Src/stm32h5xx_it.c.obj
                0x08000984                SVC_Handler
 .text.DebugMon_Handler
                0x08000992        0xe CMakeFiles/STM32_Test.dir/Core/Src/stm32h5xx_it.c.obj
                0x08000992                DebugMon_Handler
 .text.PendSV_Handler
                0x080009a0        0xe CMakeFiles/STM32_Test.dir/Core/Src/stm32h5xx_it.c.obj
                0x080009a0                PendSV_Handler
 .text.SysTick_Handler
                0x080009ae        0xc CMakeFiles/STM32_Test.dir/Core/Src/stm32h5xx_it.c.obj
                0x080009ae                SysTick_Handler
 .text.EXTI13_IRQHandler
                0x080009ba        0xe CMakeFiles/STM32_Test.dir/Core/Src/stm32h5xx_it.c.obj
                0x080009ba                EXTI13_IRQHandler
 .text.HAL_MspInit
                0x080009c8        0xe CMakeFiles/STM32_Test.dir/Core/Src/stm32h5xx_hal_msp.c.obj
                0x080009c8                HAL_MspInit
 *fill*         0x080009d6        0x2 
 .text.BSP_LED_Init
                0x080009d8       0xec CMakeFiles/STM32_Test.dir/Drivers/BSP/STM32H5xx_Nucleo/stm32h5xx_nucleo.c.obj
                0x080009d8                BSP_LED_Init
 .text.BSP_PB_Init
                0x08000ac4       0xf0 CMakeFiles/STM32_Test.dir/Drivers/BSP/STM32H5xx_Nucleo/stm32h5xx_nucleo.c.obj
                0x08000ac4                BSP_PB_Init
 .text.BSP_PB_IRQHandler
                0x08000bb4       0x2c CMakeFiles/STM32_Test.dir/Drivers/BSP/STM32H5xx_Nucleo/stm32h5xx_nucleo.c.obj
                0x08000bb4                BSP_PB_IRQHandler
 .text.BSP_PB_Callback
                0x08000be0       0x16 CMakeFiles/STM32_Test.dir/Drivers/BSP/STM32H5xx_Nucleo/stm32h5xx_nucleo.c.obj
                0x08000be0                BSP_PB_Callback
 *fill*         0x08000bf6        0x2 
 .text.BSP_COM_Init
                0x08000bf8       0x60 CMakeFiles/STM32_Test.dir/Drivers/BSP/STM32H5xx_Nucleo/stm32h5xx_nucleo.c.obj
                0x08000bf8                BSP_COM_Init
 .text.MX_USART_Init
                0x08000c58       0x68 CMakeFiles/STM32_Test.dir/Drivers/BSP/STM32H5xx_Nucleo/stm32h5xx_nucleo.c.obj
                0x08000c58                MX_USART_Init
 .text.BUTTON_USER_EXTI_Callback
                0x08000cc0        0xe CMakeFiles/STM32_Test.dir/Drivers/BSP/STM32H5xx_Nucleo/stm32h5xx_nucleo.c.obj
 *fill*         0x08000cce        0x2 
 .text.COM1_MspInit
                0x08000cd0       0xb0 CMakeFiles/STM32_Test.dir/Drivers/BSP/STM32H5xx_Nucleo/stm32h5xx_nucleo.c.obj
 .text.__NVIC_SetPriorityGrouping
                0x08000d80       0x48 CMakeFiles/STM32_Test.dir/Drivers/STM32H5xx_HAL_Driver/Src/stm32h5xx_hal_cortex.c.obj
 .text.__NVIC_GetPriorityGrouping
                0x08000dc8       0x1c CMakeFiles/STM32_Test.dir/Drivers/STM32H5xx_HAL_Driver/Src/stm32h5xx_hal_cortex.c.obj
 .text.__NVIC_EnableIRQ
                0x08000de4       0x3c CMakeFiles/STM32_Test.dir/Drivers/STM32H5xx_HAL_Driver/Src/stm32h5xx_hal_cortex.c.obj
 .text.__NVIC_SetPriority
                0x08000e20       0x54 CMakeFiles/STM32_Test.dir/Drivers/STM32H5xx_HAL_Driver/Src/stm32h5xx_hal_cortex.c.obj
 .text.NVIC_EncodePriority
                0x08000e74       0x66 CMakeFiles/STM32_Test.dir/Drivers/STM32H5xx_HAL_Driver/Src/stm32h5xx_hal_cortex.c.obj
 .text.HAL_NVIC_SetPriorityGrouping
                0x08000eda       0x16 CMakeFiles/STM32_Test.dir/Drivers/STM32H5xx_HAL_Driver/Src/stm32h5xx_hal_cortex.c.obj
                0x08000eda                HAL_NVIC_SetPriorityGrouping
 .text.HAL_NVIC_SetPriority
                0x08000ef0       0x34 CMakeFiles/STM32_Test.dir/Drivers/STM32H5xx_HAL_Driver/Src/stm32h5xx_hal_cortex.c.obj
                0x08000ef0                HAL_NVIC_SetPriority
 .text.HAL_NVIC_EnableIRQ
                0x08000f24       0x1c CMakeFiles/STM32_Test.dir/Drivers/STM32H5xx_HAL_Driver/Src/stm32h5xx_hal_cortex.c.obj
                0x08000f24                HAL_NVIC_EnableIRQ
 .text.HAL_SYSTICK_Config
                0x08000f40       0x44 CMakeFiles/STM32_Test.dir/Drivers/STM32H5xx_HAL_Driver/Src/stm32h5xx_hal_cortex.c.obj
                0x08000f40                HAL_SYSTICK_Config
 .text.HAL_SYSTICK_CLKSourceConfig
                0x08000f84       0xb0 CMakeFiles/STM32_Test.dir/Drivers/STM32H5xx_HAL_Driver/Src/stm32h5xx_hal_cortex.c.obj
                0x08000f84                HAL_SYSTICK_CLKSourceConfig
 .text.HAL_SYSTICK_GetCLKSourceConfig
                0x08001034       0x6c CMakeFiles/STM32_Test.dir/Drivers/STM32H5xx_HAL_Driver/Src/stm32h5xx_hal_cortex.c.obj
                0x08001034                HAL_SYSTICK_GetCLKSourceConfig
 .text.HAL_RCC_OscConfig
                0x080010a0      0x870 CMakeFiles/STM32_Test.dir/Drivers/STM32H5xx_HAL_Driver/Src/stm32h5xx_hal_rcc.c.obj
                0x080010a0                HAL_RCC_OscConfig
 .text.HAL_RCC_ClockConfig
                0x08001910      0x370 CMakeFiles/STM32_Test.dir/Drivers/STM32H5xx_HAL_Driver/Src/stm32h5xx_hal_rcc.c.obj
                0x08001910                HAL_RCC_ClockConfig
 .text.HAL_RCC_GetSysClockFreq
                0x08001c80      0x258 CMakeFiles/STM32_Test.dir/Drivers/STM32H5xx_HAL_Driver/Src/stm32h5xx_hal_rcc.c.obj
                0x08001c80                HAL_RCC_GetSysClockFreq
 .text.HAL_RCC_GetHCLKFreq
                0x08001ed8       0x38 CMakeFiles/STM32_Test.dir/Drivers/STM32H5xx_HAL_Driver/Src/stm32h5xx_hal_rcc.c.obj
                0x08001ed8                HAL_RCC_GetHCLKFreq
 .text.HAL_RCC_GetPCLK1Freq
                0x08001f10       0x2c CMakeFiles/STM32_Test.dir/Drivers/STM32H5xx_HAL_Driver/Src/stm32h5xx_hal_rcc.c.obj
                0x08001f10                HAL_RCC_GetPCLK1Freq
 .text.HAL_RCC_GetPCLK2Freq
                0x08001f3c       0x2c CMakeFiles/STM32_Test.dir/Drivers/STM32H5xx_HAL_Driver/Src/stm32h5xx_hal_rcc.c.obj
                0x08001f3c                HAL_RCC_GetPCLK2Freq
 .text.HAL_RCC_GetPCLK3Freq
                0x08001f68       0x2c CMakeFiles/STM32_Test.dir/Drivers/STM32H5xx_HAL_Driver/Src/stm32h5xx_hal_rcc.c.obj
                0x08001f68                HAL_RCC_GetPCLK3Freq
 .text.HAL_RCCEx_GetPLL1ClockFreq
                0x08001f94      0x2d8 CMakeFiles/STM32_Test.dir/Drivers/STM32H5xx_HAL_Driver/Src/stm32h5xx_hal_rcc_ex.c.obj
                0x08001f94                HAL_RCCEx_GetPLL1ClockFreq
 .text.HAL_RCCEx_GetPLL2ClockFreq
                0x0800226c      0x2d8 CMakeFiles/STM32_Test.dir/Drivers/STM32H5xx_HAL_Driver/Src/stm32h5xx_hal_rcc_ex.c.obj
                0x0800226c                HAL_RCCEx_GetPLL2ClockFreq
 .text.HAL_RCCEx_GetPLL3ClockFreq
                0x08002544      0x2d8 CMakeFiles/STM32_Test.dir/Drivers/STM32H5xx_HAL_Driver/Src/stm32h5xx_hal_rcc_ex.c.obj
                0x08002544                HAL_RCCEx_GetPLL3ClockFreq
 .text.HAL_RCCEx_GetPeriphCLKFreq
                0x0800281c     0x26b4 CMakeFiles/STM32_Test.dir/Drivers/STM32H5xx_HAL_Driver/Src/stm32h5xx_hal_rcc_ex.c.obj
                0x0800281c                HAL_RCCEx_GetPeriphCLKFreq
 .text.HAL_GPIO_Init
                0x08004ed0      0x2a4 CMakeFiles/STM32_Test.dir/Drivers/STM32H5xx_HAL_Driver/Src/stm32h5xx_hal_gpio.c.obj
                0x08004ed0                HAL_GPIO_Init
 .text.HAL_GPIO_WritePin
                0x08005174       0x30 CMakeFiles/STM32_Test.dir/Drivers/STM32H5xx_HAL_Driver/Src/stm32h5xx_hal_gpio.c.obj
                0x08005174                HAL_GPIO_WritePin
 .text.HAL_GPIO_TogglePin
                0x080051a4       0x34 CMakeFiles/STM32_Test.dir/Drivers/STM32H5xx_HAL_Driver/Src/stm32h5xx_hal_gpio.c.obj
                0x080051a4                HAL_GPIO_TogglePin
 .text.HAL_Init
                0x080051d8       0x50 CMakeFiles/STM32_Test.dir/Drivers/STM32H5xx_HAL_Driver/Src/stm32h5xx_hal.c.obj
                0x080051d8                HAL_Init
 .text.HAL_InitTick
                0x08005228       0xec CMakeFiles/STM32_Test.dir/Drivers/STM32H5xx_HAL_Driver/Src/stm32h5xx_hal.c.obj
                0x08005228                HAL_InitTick
 .text.HAL_IncTick
                0x08005314       0x28 CMakeFiles/STM32_Test.dir/Drivers/STM32H5xx_HAL_Driver/Src/stm32h5xx_hal.c.obj
                0x08005314                HAL_IncTick
 .text.HAL_GetTick
                0x0800533c       0x18 CMakeFiles/STM32_Test.dir/Drivers/STM32H5xx_HAL_Driver/Src/stm32h5xx_hal.c.obj
                0x0800533c                HAL_GetTick
 .text.HAL_Delay
                0x08005354       0x48 CMakeFiles/STM32_Test.dir/Drivers/STM32H5xx_HAL_Driver/Src/stm32h5xx_hal.c.obj
                0x08005354                HAL_Delay
 .text.HAL_EXTI_RegisterCallback
                0x0800539c       0x58 CMakeFiles/STM32_Test.dir/Drivers/STM32H5xx_HAL_Driver/Src/stm32h5xx_hal_exti.c.obj
                0x0800539c                HAL_EXTI_RegisterCallback
 .text.HAL_EXTI_GetHandle
                0x080053f4       0x28 CMakeFiles/STM32_Test.dir/Drivers/STM32H5xx_HAL_Driver/Src/stm32h5xx_hal_exti.c.obj
                0x080053f4                HAL_EXTI_GetHandle
 .text.HAL_EXTI_IRQHandler
                0x0800541c       0x90 CMakeFiles/STM32_Test.dir/Drivers/STM32H5xx_HAL_Driver/Src/stm32h5xx_hal_exti.c.obj
                0x0800541c                HAL_EXTI_IRQHandler
 .text.HAL_UART_Init
                0x080054ac       0xa0 CMakeFiles/STM32_Test.dir/Drivers/STM32H5xx_HAL_Driver/Src/stm32h5xx_hal_uart.c.obj
                0x080054ac                HAL_UART_Init
 .text.HAL_UART_MspInit
                0x0800554c       0x14 CMakeFiles/STM32_Test.dir/Drivers/STM32H5xx_HAL_Driver/Src/stm32h5xx_hal_uart.c.obj
                0x0800554c                HAL_UART_MspInit
 .text.UART_SetConfig
                0x08005560      0x3dc CMakeFiles/STM32_Test.dir/Drivers/STM32H5xx_HAL_Driver/Src/stm32h5xx_hal_uart.c.obj
                0x08005560                UART_SetConfig
 .text.UART_AdvFeatureConfig
                0x0800593c      0x144 CMakeFiles/STM32_Test.dir/Drivers/STM32H5xx_HAL_Driver/Src/stm32h5xx_hal_uart.c.obj
                0x0800593c                UART_AdvFeatureConfig
 .text.UART_CheckIdleState
                0x08005a80      0x154 CMakeFiles/STM32_Test.dir/Drivers/STM32H5xx_HAL_Driver/Src/stm32h5xx_hal_uart.c.obj
                0x08005a80                UART_CheckIdleState
 .text.UART_WaitOnFlagUntilTimeout
                0x08005bd4       0xda CMakeFiles/STM32_Test.dir/Drivers/STM32H5xx_HAL_Driver/Src/stm32h5xx_hal_uart.c.obj
                0x08005bd4                UART_WaitOnFlagUntilTimeout
 .text.UART_EndRxTransfer
                0x08005cae       0xcc CMakeFiles/STM32_Test.dir/Drivers/STM32H5xx_HAL_Driver/Src/stm32h5xx_hal_uart.c.obj
 *fill*         0x08005d7a        0x2 
 .text.SystemInit
                0x08005d7c       0xf8 CMakeFiles/STM32_Test.dir/Core/Src/system_stm32h5xx.c.obj
                0x08005d7c                SystemInit
 .text.Reset_Handler
                0x08005e74       0x50 CMakeFiles/STM32_Test.dir/startup_stm32h563xx.s.obj
                0x08005e74                Reset_Handler
 .text.Default_Handler
                0x08005ec4        0x2 CMakeFiles/STM32_Test.dir/startup_stm32h563xx.s.obj
                0x08005ec4                EXTI2_IRQHandler
                0x08005ec4                TIM8_TRG_COM_IRQHandler
                0x08005ec4                TIM8_CC_IRQHandler
                0x08005ec4                EXTI5_IRQHandler
                0x08005ec4                I3C1_ER_IRQHandler
                0x08005ec4                UART8_IRQHandler
                0x08005ec4                SPI4_IRQHandler
                0x08005ec4                GPDMA2_Channel1_IRQHandler
                0x08005ec4                FLASH_S_IRQHandler
                0x08005ec4                TIM1_CC_IRQHandler
                0x08005ec4                GPDMA2_Channel3_IRQHandler
                0x08005ec4                TAMP_IRQHandler
                0x08005ec4                TIM6_IRQHandler
                0x08005ec4                EXTI12_IRQHandler
                0x08005ec4                CORDIC_IRQHandler
                0x08005ec4                USB_DRD_FS_IRQHandler
                0x08005ec4                EXTI3_IRQHandler
                0x08005ec4                LPTIM4_IRQHandler
                0x08005ec4                GPDMA1_Channel5_IRQHandler
                0x08005ec4                EXTI8_IRQHandler
                0x08005ec4                GPDMA2_Channel5_IRQHandler
                0x08005ec4                LPTIM2_IRQHandler
                0x08005ec4                I2C3_ER_IRQHandler
                0x08005ec4                GPDMA2_Channel2_IRQHandler
                0x08005ec4                USART10_IRQHandler
                0x08005ec4                LPTIM3_IRQHandler
                0x08005ec4                EXTI0_IRQHandler
                0x08005ec4                I2C2_EV_IRQHandler
                0x08005ec4                FPU_IRQHandler
                0x08005ec4                GPDMA1_Channel3_IRQHandler
                0x08005ec4                GPDMA1_Channel7_IRQHandler
                0x08005ec4                FDCAN1_IT1_IRQHandler
                0x08005ec4                RAMCFG_IRQHandler
                0x08005ec4                DCACHE1_IRQHandler
                0x08005ec4                SPI1_IRQHandler
                0x08005ec4                OCTOSPI1_IRQHandler
                0x08005ec4                GPDMA1_Channel2_IRQHandler
                0x08005ec4                TIM8_UP_IRQHandler
                0x08005ec4                RCC_S_IRQHandler
                0x08005ec4                SAI2_IRQHandler
                0x08005ec4                ADC1_IRQHandler
                0x08005ec4                USART6_IRQHandler
                0x08005ec4                EXTI15_IRQHandler
                0x08005ec4                TIM17_IRQHandler
                0x08005ec4                USART3_IRQHandler
                0x08005ec4                RTC_IRQHandler
                0x08005ec4                EXTI9_IRQHandler
                0x08005ec4                LPTIM5_IRQHandler
                0x08005ec4                UART5_IRQHandler
                0x08005ec4                TIM4_IRQHandler
                0x08005ec4                I2C1_EV_IRQHandler
                0x08005ec4                GPDMA1_Channel1_IRQHandler
                0x08005ec4                TIM16_IRQHandler
                0x08005ec4                UART4_IRQHandler
                0x08005ec4                SecureFault_Handler
                0x08005ec4                TIM3_IRQHandler
                0x08005ec4                RCC_IRQHandler
                0x08005ec4                UART9_IRQHandler
                0x08005ec4                TIM1_TRG_COM_IRQHandler
                0x08005ec4                Default_Handler
                0x08005ec4                FMAC_IRQHandler
                0x08005ec4                CEC_IRQHandler
                0x08005ec4                USART11_IRQHandler
                0x08005ec4                TIM14_IRQHandler
                0x08005ec4                TIM13_IRQHandler
                0x08005ec4                GPDMA2_Channel4_IRQHandler
                0x08005ec4                SPI5_IRQHandler
                0x08005ec4                TIM12_IRQHandler
                0x08005ec4                TIM7_IRQHandler
                0x08005ec4                SDMMC1_IRQHandler
                0x08005ec4                TIM5_IRQHandler
                0x08005ec4                UCPD1_IRQHandler
                0x08005ec4                GPDMA1_Channel0_IRQHandler
                0x08005ec4                I3C1_EV_IRQHandler
                0x08005ec4                TIM15_IRQHandler
                0x08005ec4                PVD_AVD_IRQHandler
                0x08005ec4                I2C3_EV_IRQHandler
                0x08005ec4                ETH_WKUP_IRQHandler
                0x08005ec4                ADC2_IRQHandler
                0x08005ec4                SPI2_IRQHandler
                0x08005ec4                EXTI14_IRQHandler
                0x08005ec4                EXTI11_IRQHandler
                0x08005ec4                CRS_IRQHandler
                0x08005ec4                EXTI4_IRQHandler
                0x08005ec4                GPDMA2_Channel0_IRQHandler
                0x08005ec4                RTC_S_IRQHandler
                0x08005ec4                RNG_IRQHandler
                0x08005ec4                FDCAN2_IT1_IRQHandler
                0x08005ec4                ETH_IRQHandler
                0x08005ec4                GPDMA2_Channel6_IRQHandler
                0x08005ec4                TIM1_UP_IRQHandler
                0x08005ec4                UART12_IRQHandler
                0x08005ec4                WWDG_IRQHandler
                0x08005ec4                SPI6_IRQHandler
                0x08005ec4                I2C4_EV_IRQHandler
                0x08005ec4                FDCAN2_IT0_IRQHandler
                0x08005ec4                IWDG_IRQHandler
                0x08005ec4                LPUART1_IRQHandler
                0x08005ec4                FDCAN1_IT0_IRQHandler
                0x08005ec4                TIM2_IRQHandler
                0x08005ec4                GPDMA1_Channel4_IRQHandler
                0x08005ec4                EXTI7_IRQHandler
                0x08005ec4                TIM1_BRK_IRQHandler
                0x08005ec4                EXTI1_IRQHandler
                0x08005ec4                SDMMC2_IRQHandler
                0x08005ec4                LPTIM6_IRQHandler
                0x08005ec4                DAC1_IRQHandler
                0x08005ec4                DTS_IRQHandler
                0x08005ec4                UART7_IRQHandler
                0x08005ec4                GTZC_IRQHandler
                0x08005ec4                USART2_IRQHandler
                0x08005ec4                GPDMA1_Channel6_IRQHandler
                0x08005ec4                GPDMA2_Channel7_IRQHandler
                0x08005ec4                I2C2_ER_IRQHandler
                0x08005ec4                TIM8_BRK_IRQHandler
                0x08005ec4                FLASH_IRQHandler
                0x08005ec4                USART1_IRQHandler
                0x08005ec4                EXTI10_IRQHandler
                0x08005ec4                SPI3_IRQHandler
                0x08005ec4                I2C1_ER_IRQHandler
                0x08005ec4                FMC_IRQHandler
                0x08005ec4                EXTI6_IRQHandler
                0x08005ec4                LPTIM1_IRQHandler
                0x08005ec4                DCMI_PSSI_IRQHandler
                0x08005ec4                I2C4_ER_IRQHandler
                0x08005ec4                ICACHE_IRQHandler
                0x08005ec4                SAI1_IRQHandler
                0x08005ec4                HASH_IRQHandler
 *(.glue_7)
 .glue_7        0x08005ec6        0x0 linker stubs
 *(.glue_7t)
 .glue_7t       0x08005ec6        0x0 linker stubs
 *(.eh_frame)
 *fill*         0x08005ec6        0x2 
 .eh_frame      0x08005ec8        0x0 C:/ST/STM32CubeCLT_1.17.0/GNU-tools-for-STM32/bin/../lib/gcc/arm-none-eabi/12.3.1/thumb/v8-m.main+fp/hard/crtbegin.o
 *(.init)
 .init          0x08005ec8        0x4 C:/ST/STM32CubeCLT_1.17.0/GNU-tools-for-STM32/bin/../lib/gcc/arm-none-eabi/12.3.1/thumb/v8-m.main+fp/hard/crti.o
                0x08005ec8                _init
 .init          0x08005ecc        0x8 C:/ST/STM32CubeCLT_1.17.0/GNU-tools-for-STM32/bin/../lib/gcc/arm-none-eabi/12.3.1/thumb/v8-m.main+fp/hard/crtn.o
 *(.fini)
 .fini          0x08005ed4        0x4 C:/ST/STM32CubeCLT_1.17.0/GNU-tools-for-STM32/bin/../lib/gcc/arm-none-eabi/12.3.1/thumb/v8-m.main+fp/hard/crti.o
                0x08005ed4                _fini
 .fini          0x08005ed8        0x8 C:/ST/STM32CubeCLT_1.17.0/GNU-tools-for-STM32/bin/../lib/gcc/arm-none-eabi/12.3.1/thumb/v8-m.main+fp/hard/crtn.o
                0x08005ee0                        . = ALIGN (0x4)
                0x08005ee0                        _etext = .

.vfp11_veneer   0x08005ee0        0x0
 .vfp11_veneer  0x08005ee0        0x0 linker stubs

.v4_bx          0x08005ee0        0x0
 .v4_bx         0x08005ee0        0x0 linker stubs

.iplt           0x08005ee0        0x0
 .iplt          0x08005ee0        0x0 C:/ST/STM32CubeCLT_1.17.0/GNU-tools-for-STM32/bin/../lib/gcc/arm-none-eabi/12.3.1/thumb/v8-m.main+fp/hard/crtbegin.o

.rodata         0x08005ee0       0x3c
                0x08005ee0                        . = ALIGN (0x4)
 *(.rodata)
 *(.rodata*)
 .rodata.LED_PIN
                0x08005ee0        0x6 CMakeFiles/STM32_Test.dir/Drivers/BSP/STM32H5xx_Nucleo/stm32h5xx_nucleo.c.obj
 *fill*         0x08005ee6        0x2 
 .rodata.BUTTON_EXTI_LINE.2
                0x08005ee8        0x4 CMakeFiles/STM32_Test.dir/Drivers/BSP/STM32H5xx_Nucleo/stm32h5xx_nucleo.c.obj
 .rodata.UARTPrescTable
                0x08005eec       0x18 CMakeFiles/STM32_Test.dir/Drivers/STM32H5xx_HAL_Driver/Src/stm32h5xx_hal_uart.c.obj
                0x08005eec                UARTPrescTable
 .rodata.AHBPrescTable
                0x08005f04       0x10 CMakeFiles/STM32_Test.dir/Core/Src/system_stm32h5xx.c.obj
                0x08005f04                AHBPrescTable
 .rodata.APBPrescTable
                0x08005f14        0x8 CMakeFiles/STM32_Test.dir/Core/Src/system_stm32h5xx.c.obj
                0x08005f14                APBPrescTable
                0x08005f1c                        . = ALIGN (0x4)

.ARM.extab      0x08005f1c        0x0
                0x08005f1c                        . = ALIGN (0x4)
 *(.ARM.extab* .gnu.linkonce.armextab.*)
                0x08005f1c                        . = ALIGN (0x4)

.ARM            0x08005f1c        0x8
                0x08005f1c                        . = ALIGN (0x4)
                0x08005f1c                        __exidx_start = .
 *(.ARM.exidx*)
 .ARM.exidx     0x08005f1c        0x8 C:/ST/STM32CubeCLT_1.17.0/GNU-tools-for-STM32/bin/../lib/gcc/arm-none-eabi/12.3.1/thumb/v8-m.main+fp/hard\libgcc.a(_udivmoddi4.o)
                0x08005f24                        __exidx_end = .
                0x08005f24                        . = ALIGN (0x4)

.preinit_array  0x08005f24        0x0
                0x08005f24                        . = ALIGN (0x4)
                0x08005f24                        PROVIDE (__preinit_array_start = .)
 *(.preinit_array*)
                0x08005f24                        PROVIDE (__preinit_array_end = .)
                0x08005f24                        . = ALIGN (0x4)

.init_array     0x08005f24        0x4
                0x08005f24                        . = ALIGN (0x4)
                0x08005f24                        PROVIDE (__init_array_start = .)
 *(SORT_BY_NAME(.init_array.*))
 *(.init_array*)
 .init_array    0x08005f24        0x4 C:/ST/STM32CubeCLT_1.17.0/GNU-tools-for-STM32/bin/../lib/gcc/arm-none-eabi/12.3.1/thumb/v8-m.main+fp/hard/crtbegin.o
                0x08005f28                        PROVIDE (__init_array_end = .)
                0x08005f28                        . = ALIGN (0x4)

.fini_array     0x08005f28        0x4
                0x08005f28                        . = ALIGN (0x4)
                [!provide]                        PROVIDE (__fini_array_start = .)
 *(SORT_BY_NAME(.fini_array.*))
 *(.fini_array*)
 .fini_array    0x08005f28        0x4 C:/ST/STM32CubeCLT_1.17.0/GNU-tools-for-STM32/bin/../lib/gcc/arm-none-eabi/12.3.1/thumb/v8-m.main+fp/hard/crtbegin.o
                [!provide]                        PROVIDE (__fini_array_end = .)
                0x08005f2c                        . = ALIGN (0x4)
                0x08005f2c                        _sidata = LOADADDR (.data)

.rel.dyn        0x08005f2c        0x0
 .rel.iplt      0x08005f2c        0x0 C:/ST/STM32CubeCLT_1.17.0/GNU-tools-for-STM32/bin/../lib/gcc/arm-none-eabi/12.3.1/thumb/v8-m.main+fp/hard/crtbegin.o

.data           0x20000000       0x28 load address 0x08005f2c
                0x20000000                        . = ALIGN (0x4)
                0x20000000                        _sdata = .
 *(.data)
 *(.data*)
 .data.COM_USART
                0x20000000        0x4 CMakeFiles/STM32_Test.dir/Drivers/BSP/STM32H5xx_Nucleo/stm32h5xx_nucleo.c.obj
                0x20000000                COM_USART
 .data.LED_PORT
                0x20000004        0xc CMakeFiles/STM32_Test.dir/Drivers/BSP/STM32H5xx_Nucleo/stm32h5xx_nucleo.c.obj
 .data.BUTTON_PORT
                0x20000010        0x4 CMakeFiles/STM32_Test.dir/Drivers/BSP/STM32H5xx_Nucleo/stm32h5xx_nucleo.c.obj
 .data.ButtonCallback.1
                0x20000014        0x4 CMakeFiles/STM32_Test.dir/Drivers/BSP/STM32H5xx_Nucleo/stm32h5xx_nucleo.c.obj
 .data.BSP_BUTTON_PRIO.0
                0x20000018        0x4 CMakeFiles/STM32_Test.dir/Drivers/BSP/STM32H5xx_Nucleo/stm32h5xx_nucleo.c.obj
 .data.uwTickPrio
                0x2000001c        0x4 CMakeFiles/STM32_Test.dir/Drivers/STM32H5xx_HAL_Driver/Src/stm32h5xx_hal.c.obj
                0x2000001c                uwTickPrio
 .data.uwTickFreq
                0x20000020        0x1 CMakeFiles/STM32_Test.dir/Drivers/STM32H5xx_HAL_Driver/Src/stm32h5xx_hal.c.obj
                0x20000020                uwTickFreq
 *fill*         0x20000021        0x3 
 .data.SystemCoreClock
                0x20000024        0x4 CMakeFiles/STM32_Test.dir/Core/Src/system_stm32h5xx.c.obj
                0x20000024                SystemCoreClock
 *(.RamFunc)
 *(.RamFunc*)
                0x20000028                        . = ALIGN (0x4)
                0x20000028                        _edata = .

.igot.plt       0x20000028        0x0 load address 0x08005f54
 .igot.plt      0x20000028        0x0 C:/ST/STM32CubeCLT_1.17.0/GNU-tools-for-STM32/bin/../lib/gcc/arm-none-eabi/12.3.1/thumb/v8-m.main+fp/hard/crtbegin.o
                0x20000028                        . = ALIGN (0x4)

.bss            0x20000028       0xd0 load address 0x08005f54
                0x20000028                        _sbss = .
                0x20000028                        __bss_start__ = _sbss
 *(.bss)
 .bss           0x20000028       0x1c C:/ST/STM32CubeCLT_1.17.0/GNU-tools-for-STM32/bin/../lib/gcc/arm-none-eabi/12.3.1/thumb/v8-m.main+fp/hard/crtbegin.o
 *(.bss*)
 .bss.BspCOMInit
                0x20000044       0x10 CMakeFiles/STM32_Test.dir/Core/Src/main.c.obj
                0x20000044                BspCOMInit
 .bss.hpb_exti  0x20000054        0xc CMakeFiles/STM32_Test.dir/Drivers/BSP/STM32H5xx_Nucleo/stm32h5xx_nucleo.c.obj
                0x20000054                hpb_exti
 .bss.hcom_uart
                0x20000060       0x94 CMakeFiles/STM32_Test.dir/Drivers/BSP/STM32H5xx_Nucleo/stm32h5xx_nucleo.c.obj
                0x20000060                hcom_uart
 .bss.uwTick    0x200000f4        0x4 CMakeFiles/STM32_Test.dir/Drivers/STM32H5xx_HAL_Driver/Src/stm32h5xx_hal.c.obj
                0x200000f4                uwTick
 *(COMMON)
                0x200000f8                        . = ALIGN (0x4)
                0x200000f8                        _ebss = .
                0x200000f8                        __bss_end__ = _ebss

._user_heap_stack
                0x200000f8      0x600 load address 0x08005f54
                0x200000f8                        . = ALIGN (0x8)
                [!provide]                        PROVIDE (end = .)
                0x200000f8                        PROVIDE (_end = .)
                0x200002f8                        . = (. + _Min_Heap_Size)
 *fill*         0x200000f8      0x200 
                0x200006f8                        . = (. + _Min_Stack_Size)
 *fill*         0x200002f8      0x400 
                0x200006f8                        . = ALIGN (0x8)

/DISCARD/
 libc.a(*)
 libm.a(*)
 libgcc.a(*)

.ARM.attributes
                0x00000000       0x36
 *(.ARM.attributes)
 .ARM.attributes
                0x00000000       0x26 C:/ST/STM32CubeCLT_1.17.0/GNU-tools-for-STM32/bin/../lib/gcc/arm-none-eabi/12.3.1/thumb/v8-m.main+fp/hard/crti.o
 .ARM.attributes
                0x00000026       0x38 C:/ST/STM32CubeCLT_1.17.0/GNU-tools-for-STM32/bin/../lib/gcc/arm-none-eabi/12.3.1/thumb/v8-m.main+fp/hard/crtbegin.o
 .ARM.attributes
                0x0000005e       0x38 C:/ST/STM32CubeCLT_1.17.0/GNU-tools-for-STM32/bin/../lib/gcc/arm-none-eabi/12.3.1/../../../../arm-none-eabi/lib/thumb/v8-m.main+fp/hard\libc_nano.a(libc_a-memset.o)
 .ARM.attributes
                0x00000096       0x38 C:/ST/STM32CubeCLT_1.17.0/GNU-tools-for-STM32/bin/../lib/gcc/arm-none-eabi/12.3.1/../../../../arm-none-eabi/lib/thumb/v8-m.main+fp/hard\libc_nano.a(libc_a-init.o)
 .ARM.attributes
                0x000000ce       0x3a CMakeFiles/STM32_Test.dir/Core/Src/main.c.obj
 .ARM.attributes
                0x00000108       0x3a CMakeFiles/STM32_Test.dir/Core/Src/stm32h5xx_it.c.obj
 .ARM.attributes
                0x00000142       0x3a CMakeFiles/STM32_Test.dir/Core/Src/stm32h5xx_hal_msp.c.obj
 .ARM.attributes
                0x0000017c       0x3a CMakeFiles/STM32_Test.dir/Drivers/BSP/STM32H5xx_Nucleo/stm32h5xx_nucleo.c.obj
 .ARM.attributes
                0x000001b6       0x3a CMakeFiles/STM32_Test.dir/Drivers/STM32H5xx_HAL_Driver/Src/stm32h5xx_hal_cortex.c.obj
 .ARM.attributes
                0x000001f0       0x3a CMakeFiles/STM32_Test.dir/Drivers/STM32H5xx_HAL_Driver/Src/stm32h5xx_hal_rcc.c.obj
 .ARM.attributes
                0x0000022a       0x3a CMakeFiles/STM32_Test.dir/Drivers/STM32H5xx_HAL_Driver/Src/stm32h5xx_hal_rcc_ex.c.obj
 .ARM.attributes
                0x00000264       0x3a CMakeFiles/STM32_Test.dir/Drivers/STM32H5xx_HAL_Driver/Src/stm32h5xx_hal_gpio.c.obj
 .ARM.attributes
                0x0000029e       0x3a CMakeFiles/STM32_Test.dir/Drivers/STM32H5xx_HAL_Driver/Src/stm32h5xx_hal.c.obj
 .ARM.attributes
                0x000002d8       0x3a CMakeFiles/STM32_Test.dir/Drivers/STM32H5xx_HAL_Driver/Src/stm32h5xx_hal_exti.c.obj
 .ARM.attributes
                0x00000312       0x3a CMakeFiles/STM32_Test.dir/Drivers/STM32H5xx_HAL_Driver/Src/stm32h5xx_hal_uart.c.obj
 .ARM.attributes
                0x0000034c       0x3a CMakeFiles/STM32_Test.dir/Core/Src/system_stm32h5xx.c.obj
 .ARM.attributes
                0x00000386       0x24 CMakeFiles/STM32_Test.dir/startup_stm32h563xx.s.obj
 .ARM.attributes
                0x000003aa       0x26 C:/ST/STM32CubeCLT_1.17.0/GNU-tools-for-STM32/bin/../lib/gcc/arm-none-eabi/12.3.1/thumb/v8-m.main+fp/hard\libgcc.a(_aeabi_uldivmod.o)
 .ARM.attributes
                0x000003d0       0x38 C:/ST/STM32CubeCLT_1.17.0/GNU-tools-for-STM32/bin/../lib/gcc/arm-none-eabi/12.3.1/thumb/v8-m.main+fp/hard\libgcc.a(_udivmoddi4.o)
 .ARM.attributes
                0x00000408       0x26 C:/ST/STM32CubeCLT_1.17.0/GNU-tools-for-STM32/bin/../lib/gcc/arm-none-eabi/12.3.1/thumb/v8-m.main+fp/hard\libgcc.a(_dvmd_tls.o)
 .ARM.attributes
                0x0000042e       0x26 C:/ST/STM32CubeCLT_1.17.0/GNU-tools-for-STM32/bin/../lib/gcc/arm-none-eabi/12.3.1/thumb/v8-m.main+fp/hard/crtn.o
OUTPUT(STM32_Test.elf elf32-littlearm)
LOAD linker stubs
LOAD C:/ST/STM32CubeCLT_1.17.0/GNU-tools-for-STM32/bin/../lib/gcc/arm-none-eabi/12.3.1/../../../../arm-none-eabi/lib/thumb/v8-m.main+fp/hard\libc.a
LOAD C:/ST/STM32CubeCLT_1.17.0/GNU-tools-for-STM32/bin/../lib/gcc/arm-none-eabi/12.3.1/../../../../arm-none-eabi/lib/thumb/v8-m.main+fp/hard\libm.a
LOAD C:/ST/STM32CubeCLT_1.17.0/GNU-tools-for-STM32/bin/../lib/gcc/arm-none-eabi/12.3.1/thumb/v8-m.main+fp/hard\libgcc.a

.debug_frame    0x00000000     0x289c
 .debug_frame   0x00000000       0x20 C:/ST/STM32CubeCLT_1.17.0/GNU-tools-for-STM32/bin/../lib/gcc/arm-none-eabi/12.3.1/../../../../arm-none-eabi/lib/thumb/v8-m.main+fp/hard\libc_nano.a(libc_a-memset.o)
 .debug_frame   0x00000020       0x2c C:/ST/STM32CubeCLT_1.17.0/GNU-tools-for-STM32/bin/../lib/gcc/arm-none-eabi/12.3.1/../../../../arm-none-eabi/lib/thumb/v8-m.main+fp/hard\libc_nano.a(libc_a-init.o)
 .debug_frame   0x0000004c       0x8c CMakeFiles/STM32_Test.dir/Core/Src/main.c.obj
 .debug_frame   0x000000d8      0x120 CMakeFiles/STM32_Test.dir/Core/Src/stm32h5xx_it.c.obj
 .debug_frame   0x000001f8       0x30 CMakeFiles/STM32_Test.dir/Core/Src/stm32h5xx_hal_msp.c.obj
 .debug_frame   0x00000228      0x31c CMakeFiles/STM32_Test.dir/Drivers/BSP/STM32H5xx_Nucleo/stm32h5xx_nucleo.c.obj
 .debug_frame   0x00000544      0x560 CMakeFiles/STM32_Test.dir/Drivers/STM32H5xx_HAL_Driver/Src/stm32h5xx_hal_cortex.c.obj
 .debug_frame   0x00000aa4      0x268 CMakeFiles/STM32_Test.dir/Drivers/STM32H5xx_HAL_Driver/Src/stm32h5xx_hal_rcc.c.obj
 .debug_frame   0x00000d0c      0x470 CMakeFiles/STM32_Test.dir/Drivers/STM32H5xx_HAL_Driver/Src/stm32h5xx_hal_rcc_ex.c.obj
 .debug_frame   0x0000117c      0x1ec CMakeFiles/STM32_Test.dir/Drivers/STM32H5xx_HAL_Driver/Src/stm32h5xx_hal_gpio.c.obj
 .debug_frame   0x00001368      0x828 CMakeFiles/STM32_Test.dir/Drivers/STM32H5xx_HAL_Driver/Src/stm32h5xx_hal.c.obj
 .debug_frame   0x00001b90      0x1c4 CMakeFiles/STM32_Test.dir/Drivers/STM32H5xx_HAL_Driver/Src/stm32h5xx_hal_exti.c.obj
 .debug_frame   0x00001d54      0xa84 CMakeFiles/STM32_Test.dir/Drivers/STM32H5xx_HAL_Driver/Src/stm32h5xx_hal_uart.c.obj
 .debug_frame   0x000027d8       0x60 CMakeFiles/STM32_Test.dir/Core/Src/system_stm32h5xx.c.obj
 .debug_frame   0x00002838       0x2c C:/ST/STM32CubeCLT_1.17.0/GNU-tools-for-STM32/bin/../lib/gcc/arm-none-eabi/12.3.1/thumb/v8-m.main+fp/hard\libgcc.a(_aeabi_uldivmod.o)
 .debug_frame   0x00002864       0x38 C:/ST/STM32CubeCLT_1.17.0/GNU-tools-for-STM32/bin/../lib/gcc/arm-none-eabi/12.3.1/thumb/v8-m.main+fp/hard\libgcc.a(_udivmoddi4.o)

.debug_info     0x00000000     0xd7fa
 .debug_info    0x00000000     0x1050 CMakeFiles/STM32_Test.dir/Core/Src/main.c.obj
 .debug_info    0x00001050      0x170 CMakeFiles/STM32_Test.dir/Core/Src/stm32h5xx_it.c.obj
 .debug_info    0x000011c0       0x9f CMakeFiles/STM32_Test.dir/Core/Src/stm32h5xx_hal_msp.c.obj
 .debug_info    0x0000125f     0x1bc0 CMakeFiles/STM32_Test.dir/Drivers/BSP/STM32H5xx_Nucleo/stm32h5xx_nucleo.c.obj
 .debug_info    0x00002e1f     0x1658 CMakeFiles/STM32_Test.dir/Drivers/STM32H5xx_HAL_Driver/Src/stm32h5xx_hal_cortex.c.obj
 .debug_info    0x00004477     0x109f CMakeFiles/STM32_Test.dir/Drivers/STM32H5xx_HAL_Driver/Src/stm32h5xx_hal_rcc.c.obj
 .debug_info    0x00005516     0x12d7 CMakeFiles/STM32_Test.dir/Drivers/STM32H5xx_HAL_Driver/Src/stm32h5xx_hal_rcc_ex.c.obj
 .debug_info    0x000067ed      0x6b6 CMakeFiles/STM32_Test.dir/Drivers/STM32H5xx_HAL_Driver/Src/stm32h5xx_hal_gpio.c.obj
 .debug_info    0x00006ea3     0x139f CMakeFiles/STM32_Test.dir/Drivers/STM32H5xx_HAL_Driver/Src/stm32h5xx_hal.c.obj
 .debug_info    0x00008242      0x7ca CMakeFiles/STM32_Test.dir/Drivers/STM32H5xx_HAL_Driver/Src/stm32h5xx_hal_exti.c.obj
 .debug_info    0x00008a0c     0x4030 CMakeFiles/STM32_Test.dir/Drivers/STM32H5xx_HAL_Driver/Src/stm32h5xx_hal_uart.c.obj
 .debug_info    0x0000ca3c      0xd8e CMakeFiles/STM32_Test.dir/Core/Src/system_stm32h5xx.c.obj
 .debug_info    0x0000d7ca       0x30 CMakeFiles/STM32_Test.dir/startup_stm32h563xx.s.obj

.debug_abbrev   0x00000000     0x18fd
 .debug_abbrev  0x00000000      0x23d CMakeFiles/STM32_Test.dir/Core/Src/main.c.obj
 .debug_abbrev  0x0000023d       0xbc CMakeFiles/STM32_Test.dir/Core/Src/stm32h5xx_it.c.obj
 .debug_abbrev  0x000002f9       0x45 CMakeFiles/STM32_Test.dir/Core/Src/stm32h5xx_hal_msp.c.obj
 .debug_abbrev  0x0000033e      0x330 CMakeFiles/STM32_Test.dir/Drivers/BSP/STM32H5xx_Nucleo/stm32h5xx_nucleo.c.obj
 .debug_abbrev  0x0000066e      0x311 CMakeFiles/STM32_Test.dir/Drivers/STM32H5xx_HAL_Driver/Src/stm32h5xx_hal_cortex.c.obj
 .debug_abbrev  0x0000097f      0x290 CMakeFiles/STM32_Test.dir/Drivers/STM32H5xx_HAL_Driver/Src/stm32h5xx_hal_rcc.c.obj
 .debug_abbrev  0x00000c0f      0x269 CMakeFiles/STM32_Test.dir/Drivers/STM32H5xx_HAL_Driver/Src/stm32h5xx_hal_rcc_ex.c.obj
 .debug_abbrev  0x00000e78      0x1db CMakeFiles/STM32_Test.dir/Drivers/STM32H5xx_HAL_Driver/Src/stm32h5xx_hal_gpio.c.obj
 .debug_abbrev  0x00001053      0x2af CMakeFiles/STM32_Test.dir/Drivers/STM32H5xx_HAL_Driver/Src/stm32h5xx_hal.c.obj
 .debug_abbrev  0x00001302      0x198 CMakeFiles/STM32_Test.dir/Drivers/STM32H5xx_HAL_Driver/Src/stm32h5xx_hal_exti.c.obj
 .debug_abbrev  0x0000149a      0x305 CMakeFiles/STM32_Test.dir/Drivers/STM32H5xx_HAL_Driver/Src/stm32h5xx_hal_uart.c.obj
 .debug_abbrev  0x0000179f      0x13a CMakeFiles/STM32_Test.dir/Core/Src/system_stm32h5xx.c.obj
 .debug_abbrev  0x000018d9       0x24 CMakeFiles/STM32_Test.dir/startup_stm32h563xx.s.obj

.debug_aranges  0x00000000      0x9f0
 .debug_aranges
                0x00000000       0x38 CMakeFiles/STM32_Test.dir/Core/Src/main.c.obj
 .debug_aranges
                0x00000038       0x68 CMakeFiles/STM32_Test.dir/Core/Src/stm32h5xx_it.c.obj
 .debug_aranges
                0x000000a0       0x20 CMakeFiles/STM32_Test.dir/Core/Src/stm32h5xx_hal_msp.c.obj
 .debug_aranges
                0x000000c0       0xc8 CMakeFiles/STM32_Test.dir/Drivers/BSP/STM32H5xx_Nucleo/stm32h5xx_nucleo.c.obj
 .debug_aranges
                0x00000188      0x140 CMakeFiles/STM32_Test.dir/Drivers/STM32H5xx_HAL_Driver/Src/stm32h5xx_hal_cortex.c.obj
 .debug_aranges
                0x000002c8       0xa0 CMakeFiles/STM32_Test.dir/Drivers/STM32H5xx_HAL_Driver/Src/stm32h5xx_hal_rcc.c.obj
 .debug_aranges
                0x00000368      0x108 CMakeFiles/STM32_Test.dir/Drivers/STM32H5xx_HAL_Driver/Src/stm32h5xx_hal_rcc_ex.c.obj
 .debug_aranges
                0x00000470       0x78 CMakeFiles/STM32_Test.dir/Drivers/STM32H5xx_HAL_Driver/Src/stm32h5xx_hal_gpio.c.obj
 .debug_aranges
                0x000004e8      0x200 CMakeFiles/STM32_Test.dir/Drivers/STM32H5xx_HAL_Driver/Src/stm32h5xx_hal.c.obj
 .debug_aranges
                0x000006e8       0x70 CMakeFiles/STM32_Test.dir/Drivers/STM32H5xx_HAL_Driver/Src/stm32h5xx_hal_exti.c.obj
 .debug_aranges
                0x00000758      0x248 CMakeFiles/STM32_Test.dir/Drivers/STM32H5xx_HAL_Driver/Src/stm32h5xx_hal_uart.c.obj
 .debug_aranges
                0x000009a0       0x28 CMakeFiles/STM32_Test.dir/Core/Src/system_stm32h5xx.c.obj
 .debug_aranges
                0x000009c8       0x28 CMakeFiles/STM32_Test.dir/startup_stm32h563xx.s.obj

.debug_rnglists
                0x00000000      0x7a1
 .debug_rnglists
                0x00000000       0x27 CMakeFiles/STM32_Test.dir/Core/Src/main.c.obj
 .debug_rnglists
                0x00000027       0x49 CMakeFiles/STM32_Test.dir/Core/Src/stm32h5xx_it.c.obj
 .debug_rnglists
                0x00000070       0x13 CMakeFiles/STM32_Test.dir/Core/Src/stm32h5xx_hal_msp.c.obj
 .debug_rnglists
                0x00000083       0x94 CMakeFiles/STM32_Test.dir/Drivers/BSP/STM32H5xx_Nucleo/stm32h5xx_nucleo.c.obj
 .debug_rnglists
                0x00000117       0xec CMakeFiles/STM32_Test.dir/Drivers/STM32H5xx_HAL_Driver/Src/stm32h5xx_hal_cortex.c.obj
 .debug_rnglists
                0x00000203       0x79 CMakeFiles/STM32_Test.dir/Drivers/STM32H5xx_HAL_Driver/Src/stm32h5xx_hal_rcc.c.obj
 .debug_rnglists
                0x0000027c       0xcf CMakeFiles/STM32_Test.dir/Drivers/STM32H5xx_HAL_Driver/Src/stm32h5xx_hal_rcc_ex.c.obj
 .debug_rnglists
                0x0000034b       0x57 CMakeFiles/STM32_Test.dir/Drivers/STM32H5xx_HAL_Driver/Src/stm32h5xx_hal_gpio.c.obj
 .debug_rnglists
                0x000003a2      0x17d CMakeFiles/STM32_Test.dir/Drivers/STM32H5xx_HAL_Driver/Src/stm32h5xx_hal.c.obj
 .debug_rnglists
                0x0000051f       0x53 CMakeFiles/STM32_Test.dir/Drivers/STM32H5xx_HAL_Driver/Src/stm32h5xx_hal_exti.c.obj
 .debug_rnglists
                0x00000572      0x1fb CMakeFiles/STM32_Test.dir/Drivers/STM32H5xx_HAL_Driver/Src/stm32h5xx_hal_uart.c.obj
 .debug_rnglists
                0x0000076d       0x1b CMakeFiles/STM32_Test.dir/Core/Src/system_stm32h5xx.c.obj
 .debug_rnglists
                0x00000788       0x19 CMakeFiles/STM32_Test.dir/startup_stm32h563xx.s.obj

.debug_macro    0x00000000    0x303b4
 .debug_macro   0x00000000      0x2ae CMakeFiles/STM32_Test.dir/Core/Src/main.c.obj
 .debug_macro   0x000002ae      0xac0 CMakeFiles/STM32_Test.dir/Core/Src/main.c.obj
 .debug_macro   0x00000d6e      0x1c4 CMakeFiles/STM32_Test.dir/Core/Src/main.c.obj
 .debug_macro   0x00000f32       0x22 CMakeFiles/STM32_Test.dir/Core/Src/main.c.obj
 .debug_macro   0x00000f54       0x6e CMakeFiles/STM32_Test.dir/Core/Src/main.c.obj
 .debug_macro   0x00000fc2       0x2a CMakeFiles/STM32_Test.dir/Core/Src/main.c.obj
 .debug_macro   0x00000fec       0x94 CMakeFiles/STM32_Test.dir/Core/Src/main.c.obj
 .debug_macro   0x00001080       0x3c CMakeFiles/STM32_Test.dir/Core/Src/main.c.obj
 .debug_macro   0x000010bc       0x34 CMakeFiles/STM32_Test.dir/Core/Src/main.c.obj
 .debug_macro   0x000010f0      0x189 CMakeFiles/STM32_Test.dir/Core/Src/main.c.obj
 .debug_macro   0x00001279       0x16 CMakeFiles/STM32_Test.dir/Core/Src/main.c.obj
 .debug_macro   0x0000128f       0x43 CMakeFiles/STM32_Test.dir/Core/Src/main.c.obj
 .debug_macro   0x000012d2       0x57 CMakeFiles/STM32_Test.dir/Core/Src/main.c.obj
 .debug_macro   0x00001329       0x34 CMakeFiles/STM32_Test.dir/Core/Src/main.c.obj
 .debug_macro   0x0000135d       0x10 CMakeFiles/STM32_Test.dir/Core/Src/main.c.obj
 .debug_macro   0x0000136d       0x58 CMakeFiles/STM32_Test.dir/Core/Src/main.c.obj
 .debug_macro   0x000013c5      0x1de CMakeFiles/STM32_Test.dir/Core/Src/main.c.obj
 .debug_macro   0x000015a3      0x369 CMakeFiles/STM32_Test.dir/Core/Src/main.c.obj
 .debug_macro   0x0000190c      0x19b CMakeFiles/STM32_Test.dir/Core/Src/main.c.obj
 .debug_macro   0x00001aa7       0x28 CMakeFiles/STM32_Test.dir/Core/Src/main.c.obj
 .debug_macro   0x00001acf       0x49 CMakeFiles/STM32_Test.dir/Core/Src/main.c.obj
 .debug_macro   0x00001b18      0x103 CMakeFiles/STM32_Test.dir/Core/Src/main.c.obj
 .debug_macro   0x00001c1b       0x6a CMakeFiles/STM32_Test.dir/Core/Src/main.c.obj
 .debug_macro   0x00001c85      0x1df CMakeFiles/STM32_Test.dir/Core/Src/main.c.obj
 .debug_macro   0x00001e64       0x1c CMakeFiles/STM32_Test.dir/Core/Src/main.c.obj
 .debug_macro   0x00001e80       0x29 CMakeFiles/STM32_Test.dir/Core/Src/main.c.obj
 .debug_macro   0x00001ea9       0xfb CMakeFiles/STM32_Test.dir/Core/Src/main.c.obj
 .debug_macro   0x00001fa4     0x1685 CMakeFiles/STM32_Test.dir/Core/Src/main.c.obj
 .debug_macro   0x00003629       0x5e CMakeFiles/STM32_Test.dir/Core/Src/main.c.obj
 .debug_macro   0x00003687    0x211d5 CMakeFiles/STM32_Test.dir/Core/Src/main.c.obj
 .debug_macro   0x0002485c       0x6d CMakeFiles/STM32_Test.dir/Core/Src/main.c.obj
 .debug_macro   0x000248c9     0x388a CMakeFiles/STM32_Test.dir/Core/Src/main.c.obj
 .debug_macro   0x00028153       0x63 CMakeFiles/STM32_Test.dir/Core/Src/main.c.obj
 .debug_macro   0x000281b6     0x1f0d CMakeFiles/STM32_Test.dir/Core/Src/main.c.obj
 .debug_macro   0x0002a0c3      0xe96 CMakeFiles/STM32_Test.dir/Core/Src/main.c.obj
 .debug_macro   0x0002af59      0x166 CMakeFiles/STM32_Test.dir/Core/Src/main.c.obj
 .debug_macro   0x0002b0bf      0x307 CMakeFiles/STM32_Test.dir/Core/Src/main.c.obj
 .debug_macro   0x0002b3c6      0x917 CMakeFiles/STM32_Test.dir/Core/Src/main.c.obj
 .debug_macro   0x0002bcdd      0x478 CMakeFiles/STM32_Test.dir/Core/Src/main.c.obj
 .debug_macro   0x0002c155       0xd6 CMakeFiles/STM32_Test.dir/Core/Src/main.c.obj
 .debug_macro   0x0002c22b      0x1cd CMakeFiles/STM32_Test.dir/Core/Src/main.c.obj
 .debug_macro   0x0002c3f8      0x55b CMakeFiles/STM32_Test.dir/Core/Src/main.c.obj
 .debug_macro   0x0002c953      0x638 CMakeFiles/STM32_Test.dir/Core/Src/main.c.obj
 .debug_macro   0x0002cf8b       0x7b CMakeFiles/STM32_Test.dir/Core/Src/main.c.obj
 .debug_macro   0x0002d006      0x313 CMakeFiles/STM32_Test.dir/Core/Src/main.c.obj
 .debug_macro   0x0002d319      0x1bb CMakeFiles/STM32_Test.dir/Core/Src/main.c.obj
 .debug_macro   0x0002d4d4      0x693 CMakeFiles/STM32_Test.dir/Core/Src/main.c.obj
 .debug_macro   0x0002db67       0xa6 CMakeFiles/STM32_Test.dir/Core/Src/main.c.obj
 .debug_macro   0x0002dc0d      0x2a7 CMakeFiles/STM32_Test.dir/Core/Src/main.c.obj
 .debug_macro   0x0002deb4      0x47e CMakeFiles/STM32_Test.dir/Core/Src/main.c.obj
 .debug_macro   0x0002e332       0x22 CMakeFiles/STM32_Test.dir/Core/Src/main.c.obj
 .debug_macro   0x0002e354       0x52 CMakeFiles/STM32_Test.dir/Core/Src/main.c.obj
 .debug_macro   0x0002e3a6       0x1c CMakeFiles/STM32_Test.dir/Core/Src/main.c.obj
 .debug_macro   0x0002e3c2       0x35 CMakeFiles/STM32_Test.dir/Core/Src/main.c.obj
 .debug_macro   0x0002e3f7       0x10 CMakeFiles/STM32_Test.dir/Core/Src/main.c.obj
 .debug_macro   0x0002e407       0x1c CMakeFiles/STM32_Test.dir/Core/Src/main.c.obj
 .debug_macro   0x0002e423       0x16 CMakeFiles/STM32_Test.dir/Core/Src/main.c.obj
 .debug_macro   0x0002e439      0x170 CMakeFiles/STM32_Test.dir/Core/Src/main.c.obj
 .debug_macro   0x0002e5a9      0x130 CMakeFiles/STM32_Test.dir/Core/Src/main.c.obj
 .debug_macro   0x0002e6d9      0x154 CMakeFiles/STM32_Test.dir/Core/Src/main.c.obj
 .debug_macro   0x0002e82d      0x2b8 CMakeFiles/STM32_Test.dir/Core/Src/stm32h5xx_it.c.obj
 .debug_macro   0x0002eae5      0x2ae CMakeFiles/STM32_Test.dir/Core/Src/stm32h5xx_hal_msp.c.obj
 .debug_macro   0x0002ed93      0x2ab CMakeFiles/STM32_Test.dir/Drivers/BSP/STM32H5xx_Nucleo/stm32h5xx_nucleo.c.obj
 .debug_macro   0x0002f03e       0x1c CMakeFiles/STM32_Test.dir/Drivers/BSP/STM32H5xx_Nucleo/stm32h5xx_nucleo.c.obj
 .debug_macro   0x0002f05a      0x24a CMakeFiles/STM32_Test.dir/Drivers/STM32H5xx_HAL_Driver/Src/stm32h5xx_hal_cortex.c.obj
 .debug_macro   0x0002f2a4      0x28c CMakeFiles/STM32_Test.dir/Drivers/STM32H5xx_HAL_Driver/Src/stm32h5xx_hal_rcc.c.obj
 .debug_macro   0x0002f530      0x25c CMakeFiles/STM32_Test.dir/Drivers/STM32H5xx_HAL_Driver/Src/stm32h5xx_hal_rcc_ex.c.obj
 .debug_macro   0x0002f78c      0x280 CMakeFiles/STM32_Test.dir/Drivers/STM32H5xx_HAL_Driver/Src/stm32h5xx_hal_gpio.c.obj
 .debug_macro   0x0002fa0c      0x280 CMakeFiles/STM32_Test.dir/Drivers/STM32H5xx_HAL_Driver/Src/stm32h5xx_hal.c.obj
 .debug_macro   0x0002fc8c      0x262 CMakeFiles/STM32_Test.dir/Drivers/STM32H5xx_HAL_Driver/Src/stm32h5xx_hal_exti.c.obj
 .debug_macro   0x0002feee      0x275 CMakeFiles/STM32_Test.dir/Drivers/STM32H5xx_HAL_Driver/Src/stm32h5xx_hal_uart.c.obj
 .debug_macro   0x00030163      0x251 CMakeFiles/STM32_Test.dir/Core/Src/system_stm32h5xx.c.obj

.debug_line     0x00000000     0xd738
 .debug_line    0x00000000      0x919 CMakeFiles/STM32_Test.dir/Core/Src/main.c.obj
 .debug_line    0x00000919      0x8ab CMakeFiles/STM32_Test.dir/Core/Src/stm32h5xx_it.c.obj
 .debug_line    0x000011c4      0x7cc CMakeFiles/STM32_Test.dir/Core/Src/stm32h5xx_hal_msp.c.obj
 .debug_line    0x00001990      0xb3f CMakeFiles/STM32_Test.dir/Drivers/BSP/STM32H5xx_Nucleo/stm32h5xx_nucleo.c.obj
 .debug_line    0x000024cf      0xd7e CMakeFiles/STM32_Test.dir/Drivers/STM32H5xx_HAL_Driver/Src/stm32h5xx_hal_cortex.c.obj
 .debug_line    0x0000324d     0x1189 CMakeFiles/STM32_Test.dir/Drivers/STM32H5xx_HAL_Driver/Src/stm32h5xx_hal_rcc.c.obj
 .debug_line    0x000043d6     0x2cda CMakeFiles/STM32_Test.dir/Drivers/STM32H5xx_HAL_Driver/Src/stm32h5xx_hal_rcc_ex.c.obj
 .debug_line    0x000070b0      0xb0a CMakeFiles/STM32_Test.dir/Drivers/STM32H5xx_HAL_Driver/Src/stm32h5xx_hal_gpio.c.obj
 .debug_line    0x00007bba      0xe16 CMakeFiles/STM32_Test.dir/Drivers/STM32H5xx_HAL_Driver/Src/stm32h5xx_hal.c.obj
 .debug_line    0x000089d0      0xb55 CMakeFiles/STM32_Test.dir/Drivers/STM32H5xx_HAL_Driver/Src/stm32h5xx_hal_exti.c.obj
 .debug_line    0x00009525     0x3909 CMakeFiles/STM32_Test.dir/Drivers/STM32H5xx_HAL_Driver/Src/stm32h5xx_hal_uart.c.obj
 .debug_line    0x0000ce2e      0x88f CMakeFiles/STM32_Test.dir/Core/Src/system_stm32h5xx.c.obj
 .debug_line    0x0000d6bd       0x7b CMakeFiles/STM32_Test.dir/startup_stm32h563xx.s.obj

.debug_str      0x00000000   0x130b79
 .debug_str     0x00000000   0x12ccb2 CMakeFiles/STM32_Test.dir/Core/Src/main.c.obj
                             0x12cfe6 (size before relaxing)
 .debug_str     0x0012ccb2      0x109 CMakeFiles/STM32_Test.dir/Core/Src/stm32h5xx_it.c.obj
                             0x12c669 (size before relaxing)
 .debug_str     0x0012cdbb       0x48 CMakeFiles/STM32_Test.dir/Core/Src/stm32h5xx_hal_msp.c.obj
                             0x12c582 (size before relaxing)
 .debug_str     0x0012ce03     0x1036 CMakeFiles/STM32_Test.dir/Drivers/BSP/STM32H5xx_Nucleo/stm32h5xx_nucleo.c.obj
                             0x12d636 (size before relaxing)
 .debug_str     0x0012de39      0x55f CMakeFiles/STM32_Test.dir/Drivers/STM32H5xx_HAL_Driver/Src/stm32h5xx_hal_cortex.c.obj
                             0x12c101 (size before relaxing)
 .debug_str     0x0012e398      0x455 CMakeFiles/STM32_Test.dir/Drivers/STM32H5xx_HAL_Driver/Src/stm32h5xx_hal_rcc.c.obj
                             0x12bc6b (size before relaxing)
 .debug_str     0x0012e7ed      0xb7d CMakeFiles/STM32_Test.dir/Drivers/STM32H5xx_HAL_Driver/Src/stm32h5xx_hal_rcc_ex.c.obj
                             0x12bfb5 (size before relaxing)
 .debug_str     0x0012f36a      0x2be CMakeFiles/STM32_Test.dir/Drivers/STM32H5xx_HAL_Driver/Src/stm32h5xx_hal_gpio.c.obj
                             0x12b48b (size before relaxing)
 .debug_str     0x0012f628      0x8c7 CMakeFiles/STM32_Test.dir/Drivers/STM32H5xx_HAL_Driver/Src/stm32h5xx_hal.c.obj
                             0x12c572 (size before relaxing)
 .debug_str     0x0012feef      0x20a CMakeFiles/STM32_Test.dir/Drivers/STM32H5xx_HAL_Driver/Src/stm32h5xx_hal_exti.c.obj
                             0x12b458 (size before relaxing)
 .debug_str     0x001300f9      0x9b4 CMakeFiles/STM32_Test.dir/Drivers/STM32H5xx_HAL_Driver/Src/stm32h5xx_hal_uart.c.obj
                             0x12c16c (size before relaxing)
 .debug_str     0x00130aad       0x7b CMakeFiles/STM32_Test.dir/Core/Src/system_stm32h5xx.c.obj
                             0x12b726 (size before relaxing)
 .debug_str     0x00130b28       0x51 CMakeFiles/STM32_Test.dir/startup_stm32h563xx.s.obj
                                 0x7c (size before relaxing)

.comment        0x00000000       0x43
 .comment       0x00000000       0x43 CMakeFiles/STM32_Test.dir/Core/Src/main.c.obj
                                 0x44 (size before relaxing)
 .comment       0x00000043       0x44 CMakeFiles/STM32_Test.dir/Core/Src/stm32h5xx_it.c.obj
 .comment       0x00000043       0x44 CMakeFiles/STM32_Test.dir/Core/Src/stm32h5xx_hal_msp.c.obj
 .comment       0x00000043       0x44 CMakeFiles/STM32_Test.dir/Drivers/BSP/STM32H5xx_Nucleo/stm32h5xx_nucleo.c.obj
 .comment       0x00000043       0x44 CMakeFiles/STM32_Test.dir/Drivers/STM32H5xx_HAL_Driver/Src/stm32h5xx_hal_cortex.c.obj
 .comment       0x00000043       0x44 CMakeFiles/STM32_Test.dir/Drivers/STM32H5xx_HAL_Driver/Src/stm32h5xx_hal_rcc.c.obj
 .comment       0x00000043       0x44 CMakeFiles/STM32_Test.dir/Drivers/STM32H5xx_HAL_Driver/Src/stm32h5xx_hal_rcc_ex.c.obj
 .comment       0x00000043       0x44 CMakeFiles/STM32_Test.dir/Drivers/STM32H5xx_HAL_Driver/Src/stm32h5xx_hal_gpio.c.obj
 .comment       0x00000043       0x44 CMakeFiles/STM32_Test.dir/Drivers/STM32H5xx_HAL_Driver/Src/stm32h5xx_hal.c.obj
 .comment       0x00000043       0x44 CMakeFiles/STM32_Test.dir/Drivers/STM32H5xx_HAL_Driver/Src/stm32h5xx_hal_exti.c.obj
 .comment       0x00000043       0x44 CMakeFiles/STM32_Test.dir/Drivers/STM32H5xx_HAL_Driver/Src/stm32h5xx_hal_uart.c.obj
 .comment       0x00000043       0x44 CMakeFiles/STM32_Test.dir/Core/Src/system_stm32h5xx.c.obj

.debug_line_str
                0x00000000       0x60
 .debug_line_str
                0x00000000       0x60 CMakeFiles/STM32_Test.dir/startup_stm32h563xx.s.obj
